current directory: /Users/shatang/work1/zhangshuming0870.github.io/vendor/bundle/ruby/3.2.0/gems/http_parser.rb-0.8.1/ext/ruby_http_parser
/Users/shatang/.rbenv/versions/3.2.2/bin/ruby extconf.rb
creating Makefile

current directory: /Users/shatang/work1/zhangshuming0870.github.io/vendor/bundle/ruby/3.2.0/gems/http_parser.rb-0.8.1/ext/ruby_http_parser
make DESTDIR\= sitearchdir\=./.gem.20260211-86984-ykxsa3 sitelibdir\=./.gem.20260211-86984-ykxsa3 clean

current directory: /Users/shatang/work1/zhangshuming0870.github.io/vendor/bundle/ruby/3.2.0/gems/http_parser.rb-0.8.1/ext/ruby_http_parser
make DESTDIR\= sitearchdir\=./.gem.20260211-86984-ykxsa3 sitelibdir\=./.gem.20260211-86984-ykxsa3
compiling ruby_http_parser.c
ruby_http_parser.c:373:17: warning: comparison of integers of different signs: 'size_t' (aka 'unsigned long') and 'long' [-Wsign-compare]
  373 |     if (nparsed < len)
      |         ~~~~~~~ ^ ~~~
1 warning generated.
compiling ryah_http_parser.c
linking shared-object ruby_http_parser.bundle
ld: warning: ignoring duplicate libraries: '-lruby.3.2'

current directory: /Users/shatang/work1/zhangshuming0870.github.io/vendor/bundle/ruby/3.2.0/gems/http_parser.rb-0.8.1/ext/ruby_http_parser
make DESTDIR\= sitearchdir\=./.gem.20260211-86984-ykxsa3 sitelibdir\=./.gem.20260211-86984-ykxsa3 install
/opt/homebrew/bin/ginstall -c -m 0755 ruby_http_parser.bundle ./.gem.20260211-86984-ykxsa3

current directory: /Users/shatang/work1/zhangshuming0870.github.io/vendor/bundle/ruby/3.2.0/gems/http_parser.rb-0.8.1/ext/ruby_http_parser
make DESTDIR\= sitearchdir\=./.gem.20260211-86984-ykxsa3 sitelibdir\=./.gem.20260211-86984-ykxsa3 clean
